(Q1)

$ git status
On branch main
Your branch is up to date with 'origin/main'.

Untracked files:
  (use "git add <file>..." to include in what will be committed)
        README.txt
        doc/

nothing added to commit but untracked files present (use "git add" to track)

****Podemos observar como nos aclara que no hay archivos modificados y que el repositorio está "al día".****


(Q2)

$ git add README.txt

$ git status
On branch main
Your branch is up to date with 'origin/main'.

Changes to be committed:
  (use "git restore --staged <file>..." to unstage)
        new file:   README.txt

Untracked files:
  (use "git add <file>..." to include in what will be committed)
        doc/

****Podemos observar que al añadir el archivo README.txt ya nos dice el git status que lo hemos añadido.****


(Q3)

$ git diff README.txt
diff --git a/README.txt b/README.txt
index e69de29..26b1418 100644
--- a/README.txt
+++ b/README.txt
@@ -0,0 +1 @@
+Random sentence
\ No newline at end of file


$ git status
On branch main
Your branch is up to date with 'origin/main'.

Changes to be committed:
  (use "git restore --staged <file>..." to unstage)
        new file:   README.txt

Changes not staged for commit:
  (use "git add <file>..." to update what will be committed)
  (use "git restore <file>..." to discard changes in working directory)
        modified:   README.txt

Untracked files:
  (use "git add <file>..." to include in what will be committed)
        doc/


****Podemos observar como nos muestra la diferencia de nuestro archivo README.txt y luego el git status nos avisa de que se ha modificado el archivo para que le hagamos un nuevo commit."

(Q5)

$ git log
commit c9a154bc9966bb4e3fd78519586fbed0378285b1 (HEAD -> main)
Author: Albert <albert.gubau01@estudiant.upf.edu>
Date:   Fri Oct 9 12:26:33 2020 +0200

    exercici

****Podemos ver como el log nos muestra las subidas al repositorio que hemos realizado.****

(Q6)

$ git show HEAD
commit 6fb8ea3f5f13fc1125d3ec84338b1a597916001e (HEAD -> main)
Author: Albert <albert.gubau01@estudiant.upf.edu>
Date:   Fri Oct 9 12:32:29 2020 +0200

    ExerciciAmbModificació

diff --git a/README.txt b/README.txt
index 26b1418..6308eb8 100644
--- a/README.txt
+++ b/README.txt
@@ -1 +1,2 @@
-Random sentence
\ No newline at end of file
+Random sentence
+Modificació 5.1
\ No newline at end of file

****Lo que vemos es la nueva versió del archivo de texto con la linea que se ha modificado.****


(Q8)

$ git branch
  documents
* main


****Nos muestra las branches que tenemos.****
(Q9)

****El contenido en las dos branches es diferente al modificar un archivo que las dos tienen.****


