(Q1)

$ git status
On branch main
Your branch is up to date with 'origin/main'.

Untracked files:
  (use "git add <file>..." to include in what will be committed)
        README.txt
        doc/

nothing added to commit but untracked files present (use "git add" to track)

(Q2)

$ git add README.txt

$ git status
On branch main
Your branch is up to date with 'origin/main'.

Changes to be committed:
  (use "git restore --staged <file>..." to unstage)
        new file:   README.txt

Untracked files:
  (use "git add <file>..." to include in what will be committed)
        doc/

(Q3)

$ git diff README.txt
diff --git a/README.txt b/README.txt
index e69de29..26b1418 100644
--- a/README.txt
+++ b/README.txt
@@ -0,0 +1 @@
+Random sentence
\ No newline at end of file


$ git status
On branch main
Your branch is up to date with 'origin/main'.

Changes to be committed:
  (use "git restore --staged <file>..." to unstage)
        new file:   README.txt

Changes not staged for commit:
  (use "git add <file>..." to update what will be committed)
  (use "git restore <file>..." to discard changes in working directory)
        modified:   README.txt

Untracked files:
  (use "git add <file>..." to include in what will be committed)
        doc/


(Q5)

$ git log
commit c9a154bc9966bb4e3fd78519586fbed0378285b1 (HEAD -> main)
Author: Albert <albert.gubau01@estudiant.upf.edu>
Date:   Fri Oct 9 12:26:33 2020 +0200

    exercici



(Q6)
Lo que vemos es la nueva versió del archivo de texto con la linea que se ha modificado.

$ git show HEAD
commit 6fb8ea3f5f13fc1125d3ec84338b1a597916001e (HEAD -> main)
Author: Albert <albert.gubau01@estudiant.upf.edu>
Date:   Fri Oct 9 12:32:29 2020 +0200

    ExerciciAmbModificació

diff --git a/README.txt b/README.txt
index 26b1418..6308eb8 100644
--- a/README.txt
+++ b/README.txt
@@ -1 +1,2 @@
-Random sentence
\ No newline at end of file
+Random sentence
+Modificació 5.1
\ No newline at end of file


(Q8)

$ git branch
  documents
* main

(Q9)

El contenido en las dos branches es diferente.


